DROP SCHEMA public CASCADE;
NOTICE:  drop cascades to 4 other objects
DETAIL:  drop cascades to extension sveddy
drop cascades to table ratings
drop cascades to table ratings_sveddy_model_u
drop cascades to table ratings_sveddy_model_v
CREATE SCHEMA public;
GRANT ALL ON SCHEMA public TO current_user;
GRANT ALL ON SCHEMA public TO public;
CREATE EXTENSION sveddy;
SELECT cardinality(arr) from get_initial_weights(8) as arr;
 cardinality 
-------------
           8
(1 row)

